---

/TEST_OUTPUT/workspace/main.go
References in File: 1
At: L12:C14

11|func main() {
12|	fmt.Println(FooBar())
13|}
